// Jest Snapshot v1, https://goo.gl/fbAQLP

exports[`InitialInfo matches snapshot 1`] = `
<div
  class="initial-info"
>
  <img
    alt="VLAVAAV logo"
    class="initial-info__logo"
    src="@/assets/logo.svg"
  />
   
  <h1
    class="initial-info__header"
  >
    <strong>
      VLAVAAV
    </strong>
     is a no-nonsense palette visualization tool.
  
  </h1>
   
  <p
    class="initial-info__paragraph"
  >
    
    Tired of approaching webpages, specifications, and themes without having a practical way to visualize all their colors at once?
  
  </p>
   
  <p
    class="initial-info__paragraph"
  >
    <strong>
      VLAVAAV
    </strong>
     is a tool for quickly visualizing any number of unknown hexadecimal (#XXXXXX) color codes.
    It tries its best to find color codes amongst a sea of text, so you don't have to worry about cleaning up your copied text first.
  
  </p>
   
  <p
    class="initial-info__paragraph"
  >
    <em>
      Paste anywhere
    </em>
     (
    <kbd>
      Ctrl + V
    </kbd>
    ) in the browser for a view of all the colors in the clipboard!
  
  </p>
   
  <p
    class="initial-info__paragraph initial-info__paragraph--no-justify"
  >
    
    Copy and try these colors out:
    
    <pre
      class="initial-info__code"
    >
      V: #ff0000,
L: #ff8800,
A: #ffff00,
V: #00ff00,
A: #0000ff,
A: #8800ff,
V: #ff00ff,
    </pre>
  </p>
   
  <p
    class="initial-info__paragraph initial-info__paragraph--no-justify"
  >
    <strong>
      VLAVAAV
    </strong>
     Â© Alex L. Alves 2020.
    
    <br />
    
    Check the project out on GitHub:
    
    <a
      class="initial-info__link"
      href="https://github.com/Magmagan/vlavaav"
    >
      
      https://github.com/Magmagan/vlavaav
    
    </a>
  </p>
</div>
`;
